
RAxML-NG v. 2.0.0-dev released on 11.03.2026 by The Exelixis Lab.
Developed by: Oleksiy M. Kozlov and Alexandros Stamatakis.
Contributors: Diego Darriba, Tomas Flouri, Benoit Morel, Sarah Lutteropp, Ben Bettisworth,
              Julia Haag, Anastasis Togkousidis, Julius Wiegert, Christoph Stelz.
Latest version: https://github.com/amkozlov/raxml-ng
Questions/problems/suggestions? Please visit: https://groups.google.com/forum/#!forum/raxml

System: Apple M1 Max, 10 cores, 32 GB RAM

RAxML-NG was called at 18-Mar-2026 12:18:03 as follows:

raxml-ng --msa primate.phy --model GTR+G --prefix primate_phy_out

Analysis options:
  run mode: ML tree search (adaptive)
  start tree(s): adaptive
  random seed: 1773850683
  tip-inner: OFF
  pattern compression: ON
  per-rate scalers: OFF
  site repeats: ON
  logLH epsilon: general: 10.000000, brlen-triplet: 1000.000000
  stopping rule: OFF
  fast spr radius: AUTO
  spr subtree cutoff: 1.000000
  fast CLV updates: ON
  branch lengths: proportional (ML estimate, algorithm: NR-FAST)
  FreeRate optimization method: AUTO
  SIMD kernels: SSE3
  parallelization: coarse-grained (auto), PTHREADS (auto)

[00:00:00] Reading alignment from file: primate.phy
[00:00:00] Loaded alignment with 12 taxa and 13472 sites

Alignment comprises 1 partitions and 413 patterns

Partition 0: noname
Model: GTR+FO+G4m
Alignment sites / patterns: 13472 / 413
Gaps: 0.28 %
Invariant sites: 41.99 %


[00:00:00] Adaptive mode: Predicting difficulty of the MSA ...
[00:00:00] Parallel parsimony: 24 trees with 10 threads
[00:00:00] Predicted difficulty: 0.00

NOTE: Binary MSA file created: primate_phy_out.raxml.rba

[00:00:00] Generating 1 random starting tree(s) with 12 taxa
[00:00:00] Generating 2 parsimony starting tree(s) with 12 taxa
Parallelization scheme: 3 worker(s) x 3 thread(s)

Parallel reduction/worker buffer size: 1 KB  / 0 KB

[00:00:00] Data distribution: max. partitions/sites/weight per thread: 1 / 138 / 2208
[00:00:00] Data distribution: max. searches per worker: 1

Starting ML tree search with 3 distinct starting trees

[00:00:00 -112516.207437] Heuristic: adaptive, stopping rules: off, epsilon = 10.000000
[00:00:00 -112516.207437] Initial branch length optimization
[00:00:00 -102521.223951] Model parameter optimization (eps = 10.000000)
[00:00:00 -91130.845194] FAST spr round 1 (radius: 9)
[00:00:00 -85845.237355] FAST spr round 2 (radius: 9)
[00:00:00] [worker #1] ML tree search #2, logLikelihood: -85638.655992
[00:00:00] [worker #2] ML tree search #3, logLikelihood: -85638.663200
[00:00:00 -85845.132263] Model parameter optimization (eps = 3.000000)
[00:00:00 -85640.631010] SLOW spr round 1 (radius: 5)
[00:00:00 -85640.508630] Model parameter optimization (eps = 0.100000)

[00:00:00] [worker #0] ML tree search #1, logLikelihood: -85638.660696


Optimized model parameters:

   Partition 0: noname
   Rate heterogeneity: GAMMA (4 cats, mean),  alpha: 0.370136 (ML),  weights&rates: (0.250000,0.012652) (0.250000,0.159121) (0.250000,0.696830) (0.250000,3.131397) 
   Base frequencies (ML): 0.354737 0.322184 0.080201 0.242878 
   Substitution rates (ML): 3.717650 44.790448 3.145881 2.425943 35.675978 1.000000 


Final LogLikelihood: -85638.655992

AIC score: 171337.311983 / AICc score: 171337.450366 / BIC score: 171562.563045
Free parameters (model + branch lengths): 30

Best ML tree saved to: /Users/peytonwells/Desktop/Lab_11/primate_phy_out.raxml.bestTree
All ML trees saved to: /Users/peytonwells/Desktop/Lab_11/primate_phy_out.raxml.mlTrees
Optimized model saved to: /Users/peytonwells/Desktop/Lab_11/primate_phy_out.raxml.bestModel

Execution log saved to: /Users/peytonwells/Desktop/Lab_11/primate_phy_out.raxml.log

Analysis started: 18-Mar-2026 12:18:03 / finished: 18-Mar-2026 12:18:03

Elapsed time: 0.613 seconds

